07:25:46 **** Incremental Build of configuration Debug for project asdf ****
make all 
'Building file: ../src/platform.c'
'Invoking: MicroBlaze gcc compiler'
mb-gcc -Wall -O0 -g3 -c -fmessage-length=0 -MT"src/platform.o" -IC:/Users/johna/Tetris-FPGA/oof/sob/export/sob/sw/sob/standalone_microblaze_0/bspinclude/include -mno-xl-reorder -mlittle-endian -mxl-barrel-shift -mxl-pattern-compare -mcpu=v11.0 -mno-xl-soft-mul -Wl,--no-relax -ffunction-sections -fdata-sections -MMD -MP -MF"src/platform.d" -MT"src/platform.o" -o "src/platform.o" "../src/platform.c"
'Finished building: ../src/platform.c'
' '
'Building target: asdf.elf'
'Invoking: MicroBlaze gcc linker'
mb-gcc -Wl,-T -Wl,../src/lscript.ld -LC:/Users/johna/Tetris-FPGA/oof/sob/export/sob/sw/sob/standalone_microblaze_0/bsplib/lib -mlittle-endian -mxl-barrel-shift -mxl-pattern-compare -mcpu=v11.0 -mno-xl-soft-mul -Wl,--no-relax -Wl,--gc-sections -o "asdf.elf"  ./src/lw_usb/HID.o ./src/lw_usb/MAX3421E.o ./src/lw_usb/transfer.o  ./src/lw_usb_main.o ./src/platform.o   -Wl,--start-group,-lxil,-lgcc,-lc,--end-group
'Finished building target: asdf.elf'
' '
'Invoking: MicroBlaze Print Size'
mb-size asdf.elf  |tee "asdf.elf.size"
   text	   data	    bss	    dec	    hex	filename
  23516	    488	   3676	  27680	   6c20	asdf.elf
'Finished building: asdf.elf.size'
' '

07:25:47 Build Finished (took 1s.180ms)

